---
source: crates/simai/tests/integration.rs
expression: output
input_file: crates/simai/tests/fixtures/raw/ok/bpm.txt
---
[
    Bpm(
        Bpm(
            0.1,
        ),
    ),
    Tick(
        Tick(
            1,
        ),
    ),
    Bpm(
        Bpm(
            1.0,
        ),
    ),
    Tick(
        Tick(
            1,
        ),
    ),
    Bpm(
        Bpm(
            1.0,
        ),
    ),
    Tick(
        Tick(
            1,
        ),
    ),
    Bpm(
        Bpm(
            123.456,
        ),
    ),
    Tick(
        Tick(
            1,
        ),
    ),
    Bpm(
        Bpm(
            0.0,
        ),
    ),
    Tick(
        Tick(
            1,
        ),
    ),
    Bpm(
        Bpm(
            0.0,
        ),
    ),
    Tick(
        Tick(
            1,
        ),
    ),
    Bpm(
        Bpm(
            123.0,
        ),
    ),
    Tick(
        Tick(
            1,
        ),
    ),
]
